// Jest Snapshot v1, https://goo.gl/fbAQLP

exports[`Input render correctly 1`] = `
<input
  cursor={-1}
  cursorSpacing={0}
  maxlength={140}
  selectionEnd={-1}
  selectionStart={-1}
  type="text"
  value=""
/>
`;
